<!-- Comment: Files can be concatenated -->
<html>
  <head>
    <title>This is the title</title>
  </head>
  <body>
    <h1>This is the title</h1>
    <ul class="navigation">
      <li>Item 1</li><li>Item 2</li><li>Item 3</li>
    </ul>
    <p>Lorem ipsum dolor sit amet.</p>
    <ul>
      <li>Item 1</li><li>Item 2</li><li>Item 3</li><li>Item 4</li>
    </ul>
    <p>Copyright (c) 2016</p>
  </body>
</html>
