<!-- Comment: Files can be concatenated -->
<html>
  <head>
    <title>###title###</title>
  </head>
  <body>
    <h1>###title###</h1>
    <ul class="navigation">
      ###navigation###
    </ul>
    <p>###content###</p>
    <ul>
      ###list###
    </ul>
    <p>###footer### ###year###</p>
  </body>
</html>
